`torch_dtype` is deprecated! Use `dtype` instead!
`torch_dtype` is deprecated! Use `dtype` instead!
SMOKE electricity_C3
SMOKE electricity_MAG_ONLY
SMOKE ettm1_C3
SMOKE ettm1_MAG_ONLY
CHECKPOINT electricity_C3_b81551_i81551_o81552_lr0.0003 0 0.21615286843459375
CHECKPOINT electricity_C3_b81551_i81551_o81552_lr0.0003 256 0.21449520007946338
CHECKPOINT electricity_C3_b81551_i81551_o81552_lr0.0003 512 0.21429963203902372
CHECKPOINT electricity_C3_b81551_i81551_o81552_lr0.0003 768 0.2134947673636411
CHECKPOINT electricity_C3_b81551_i81551_o81552_lr0.0003 1024 0.21330413188610065
FIT_COMPLETE electricity_C3_b81551_i81551_o81552_lr0.0003 selected 1024
CHECKPOINT electricity_MAG_ONLY_b81551_i81551_o81552_lr0.0003 0 0.21615286843459375
CHECKPOINT electricity_MAG_ONLY_b81551_i81551_o81552_lr0.0003 256 0.21441577098124123
CHECKPOINT electricity_MAG_ONLY_b81551_i81551_o81552_lr0.0003 512 0.21407414663599492
CHECKPOINT electricity_MAG_ONLY_b81551_i81551_o81552_lr0.0003 768 0.21342947282805752
CHECKPOINT electricity_MAG_ONLY_b81551_i81551_o81552_lr0.0003 1024 0.213248307785042
FIT_COMPLETE electricity_MAG_ONLY_b81551_i81551_o81552_lr0.0003 selected 1024
CHECKPOINT electricity_C3_b81551_i81552_o81551_lr0.0003 0 0.21615286843459375
CHECKPOINT electricity_C3_b81551_i81552_o81551_lr0.0003 256 0.21430282017047056
CHECKPOINT electricity_C3_b81551_i81552_o81551_lr0.0003 512 0.2140842581915714
CHECKPOINT electricity_C3_b81551_i81552_o81551_lr0.0003 768 0.21333896820005255
CHECKPOINT electricity_C3_b81551_i81552_o81551_lr0.0003 1024 0.21357431649349223
FIT_COMPLETE electricity_C3_b81551_i81552_o81551_lr0.0003 selected 768
CHECKPOINT electricity_MAG_ONLY_b81551_i81552_o81551_lr0.0003 0 0.21615286843459375
CHECKPOINT electricity_MAG_ONLY_b81551_i81552_o81551_lr0.0003 256 0.2142134475569471
CHECKPOINT electricity_MAG_ONLY_b81551_i81552_o81551_lr0.0003 512 0.21382338989763658
CHECKPOINT electricity_MAG_ONLY_b81551_i81552_o81551_lr0.0003 768 0.21322004452920332
CHECKPOINT electricity_MAG_ONLY_b81551_i81552_o81551_lr0.0003 1024 0.21346250507519252
FIT_COMPLETE electricity_MAG_ONLY_b81551_i81552_o81551_lr0.0003 selected 768
CHECKPOINT electricity_C3_b81551_i81552_o81552_lr0.0003 0 0.21615286843459375
CHECKPOINT electricity_C3_b81551_i81552_o81552_lr0.0003 256 0.2144389915799761
CHECKPOINT electricity_C3_b81551_i81552_o81552_lr0.0003 512 0.21414130733668602
CHECKPOINT electricity_C3_b81551_i81552_o81552_lr0.0003 768 0.21337319332501833
CHECKPOINT electricity_C3_b81551_i81552_o81552_lr0.0003 1024 0.21314652217409868
FIT_COMPLETE electricity_C3_b81551_i81552_o81552_lr0.0003 selected 1024
CHECKPOINT electricity_MAG_ONLY_b81551_i81552_o81552_lr0.0003 0 0.21615286843459375
CHECKPOINT electricity_MAG_ONLY_b81551_i81552_o81552_lr0.0003 256 0.21434207980026274
CHECKPOINT electricity_MAG_ONLY_b81551_i81552_o81552_lr0.0003 512 0.21398284286094987
CHECKPOINT electricity_MAG_ONLY_b81551_i81552_o81552_lr0.0003 768 0.21330294835429536
CHECKPOINT electricity_MAG_ONLY_b81551_i81552_o81552_lr0.0003 1024 0.2130673943114207
FIT_COMPLETE electricity_MAG_ONLY_b81551_i81552_o81552_lr0.0003 selected 1024
CHECKPOINT electricity_C3_b81552_i81551_o81551_lr0.0003 0 0.21559902487463017
CHECKPOINT electricity_C3_b81552_i81551_o81551_lr0.0003 256 0.21517284545445042
CHECKPOINT electricity_C3_b81552_i81551_o81551_lr0.0003 512 0.21457729247100543
CHECKPOINT electricity_C3_b81552_i81551_o81551_lr0.0003 768 0.21220815797233888
CHECKPOINT electricity_C3_b81552_i81551_o81551_lr0.0003 1024 0.21263151116097107
FIT_COMPLETE electricity_C3_b81552_i81551_o81551_lr0.0003 selected 768
CHECKPOINT electricity_MAG_ONLY_b81552_i81551_o81551_lr0.0003 0 0.21559902487463017
CHECKPOINT electricity_MAG_ONLY_b81552_i81551_o81551_lr0.0003 256 0.21511019197839354
CHECKPOINT electricity_MAG_ONLY_b81552_i81551_o81551_lr0.0003 512 0.214621258324186
CHECKPOINT electricity_MAG_ONLY_b81552_i81551_o81551_lr0.0003 768 0.21199098698726573
CHECKPOINT electricity_MAG_ONLY_b81552_i81551_o81551_lr0.0003 1024 0.21255234686864136
FIT_COMPLETE electricity_MAG_ONLY_b81552_i81551_o81551_lr0.0003 selected 768
CHECKPOINT electricity_C3_b81552_i81551_o81552_lr0.0003 0 0.21559902487463017
CHECKPOINT electricity_C3_b81552_i81551_o81552_lr0.0003 256 0.21529133171498036
CHECKPOINT electricity_C3_b81552_i81551_o81552_lr0.0003 512 0.21531146079617675
CHECKPOINT electricity_C3_b81552_i81551_o81552_lr0.0003 768 0.21204715704077676
CHECKPOINT electricity_C3_b81552_i81551_o81552_lr0.0003 1024 0.2123310354385516
FIT_COMPLETE electricity_C3_b81552_i81551_o81552_lr0.0003 selected 768
CHECKPOINT electricity_MAG_ONLY_b81552_i81551_o81552_lr0.0003 0 0.21559902487463017
CHECKPOINT electricity_MAG_ONLY_b81552_i81551_o81552_lr0.0003 256 0.21530188914232448
CHECKPOINT electricity_MAG_ONLY_b81552_i81551_o81552_lr0.0003 512 0.21535907442563582
CHECKPOINT electricity_MAG_ONLY_b81552_i81551_o81552_lr0.0003 768 0.21185728818507762
CHECKPOINT electricity_MAG_ONLY_b81552_i81551_o81552_lr0.0003 1024 0.21219177795498784
FIT_COMPLETE electricity_MAG_ONLY_b81552_i81551_o81552_lr0.0003 selected 768
CHECKPOINT electricity_C3_b81552_i81552_o81551_lr0.0003 0 0.21559902487463017
CHECKPOINT electricity_C3_b81552_i81552_o81551_lr0.0003 256 0.21520744359811622
CHECKPOINT electricity_C3_b81552_i81552_o81551_lr0.0003 512 0.21448891002047973
CHECKPOINT electricity_C3_b81552_i81552_o81551_lr0.0003 768 0.2123444720712894
CHECKPOINT electricity_C3_b81552_i81552_o81551_lr0.0003 1024 0.2124965855415571
FIT_COMPLETE electricity_C3_b81552_i81552_o81551_lr0.0003 selected 768
CHECKPOINT electricity_MAG_ONLY_b81552_i81552_o81551_lr0.0003 0 0.21559902487463017
CHECKPOINT electricity_MAG_ONLY_b81552_i81552_o81551_lr0.0003 256 0.21517788344048325
CHECKPOINT electricity_MAG_ONLY_b81552_i81552_o81551_lr0.0003 512 0.2145641206049246
CHECKPOINT electricity_MAG_ONLY_b81552_i81552_o81551_lr0.0003 768 0.21212518980213044
CHECKPOINT electricity_MAG_ONLY_b81552_i81552_o81551_lr0.0003 1024 0.21245619128129123
FIT_COMPLETE electricity_MAG_ONLY_b81552_i81552_o81551_lr0.0003 selected 768
CHECKPOINT ettm1_C3_b81551_i81551_o81552_lr0.0001 0 0.40602500213177545
CHECKPOINT ettm1_C3_b81551_i81551_o81552_lr0.0001 256 0.41157185907402905
CHECKPOINT ettm1_C3_b81551_i81551_o81552_lr0.0001 512 0.41213855786034115
CHECKPOINT ettm1_C3_b81551_i81551_o81552_lr0.0001 768 0.40957203389248314
CHECKPOINT ettm1_C3_b81551_i81551_o81552_lr0.0001 1024 0.40942416950604965
FIT_COMPLETE ettm1_C3_b81551_i81551_o81552_lr0.0001 selected 0
CHECKPOINT ettm1_MAG_ONLY_b81551_i81551_o81552_lr0.0001 0 0.40602500213177545
CHECKPOINT ettm1_MAG_ONLY_b81551_i81551_o81552_lr0.0001 256 0.4118036068449175
CHECKPOINT ettm1_MAG_ONLY_b81551_i81551_o81552_lr0.0001 512 0.4121057609649087
CHECKPOINT ettm1_MAG_ONLY_b81551_i81551_o81552_lr0.0001 768 0.4096034337932343
CHECKPOINT ettm1_MAG_ONLY_b81551_i81551_o81552_lr0.0001 1024 0.40965100702087864
FIT_COMPLETE ettm1_MAG_ONLY_b81551_i81551_o81552_lr0.0001 selected 0
CHECKPOINT ettm1_C3_b81551_i81552_o81551_lr0.0001 0 0.40602500213177545
CHECKPOINT ettm1_C3_b81551_i81552_o81551_lr0.0001 256 0.40938572094888015
CHECKPOINT ettm1_C3_b81551_i81552_o81551_lr0.0001 512 0.41137396221781364
CHECKPOINT ettm1_C3_b81551_i81552_o81551_lr0.0001 768 0.4091737072911691
CHECKPOINT ettm1_C3_b81551_i81552_o81551_lr0.0001 1024 0.40829583291586113
FIT_COMPLETE ettm1_C3_b81551_i81552_o81551_lr0.0001 selected 0
CHECKPOINT ettm1_MAG_ONLY_b81551_i81552_o81551_lr0.0001 0 0.40602500213177545
CHECKPOINT ettm1_MAG_ONLY_b81551_i81552_o81551_lr0.0001 256 0.40957447965158406
CHECKPOINT ettm1_MAG_ONLY_b81551_i81552_o81551_lr0.0001 512 0.4114376798066218
CHECKPOINT ettm1_MAG_ONLY_b81551_i81552_o81551_lr0.0001 768 0.4093088290882262
CHECKPOINT ettm1_MAG_ONLY_b81551_i81552_o81551_lr0.0001 1024 0.40855414257551426
FIT_COMPLETE ettm1_MAG_ONLY_b81551_i81552_o81551_lr0.0001 selected 0
CHECKPOINT ettm1_C3_b81551_i81552_o81552_lr0.0001 0 0.40602500213177545
CHECKPOINT ettm1_C3_b81551_i81552_o81552_lr0.0001 256 0.40881211108481497
CHECKPOINT ettm1_C3_b81551_i81552_o81552_lr0.0001 512 0.4111679377935079
CHECKPOINT ettm1_C3_b81551_i81552_o81552_lr0.0001 768 0.40917016466694933
CHECKPOINT ettm1_C3_b81551_i81552_o81552_lr0.0001 1024 0.4085835750914054
FIT_COMPLETE ettm1_C3_b81551_i81552_o81552_lr0.0001 selected 0
CHECKPOINT ettm1_MAG_ONLY_b81551_i81552_o81552_lr0.0001 0 0.40602500213177545
CHECKPOINT ettm1_MAG_ONLY_b81551_i81552_o81552_lr0.0001 256 0.40891520351747357
CHECKPOINT ettm1_MAG_ONLY_b81551_i81552_o81552_lr0.0001 512 0.41114523910196465
CHECKPOINT ettm1_MAG_ONLY_b81551_i81552_o81552_lr0.0001 768 0.40932781203843016
CHECKPOINT ettm1_MAG_ONLY_b81551_i81552_o81552_lr0.0001 1024 0.40898201606288476
FIT_COMPLETE ettm1_MAG_ONLY_b81551_i81552_o81552_lr0.0001 selected 0
CHECKPOINT ettm1_C3_b81552_i81551_o81551_lr0.0001 0 0.41165661949197785
CHECKPOINT ettm1_C3_b81552_i81551_o81551_lr0.0001 256 0.41351944006648617
CHECKPOINT ettm1_C3_b81552_i81551_o81551_lr0.0001 512 0.4134493015328401
CHECKPOINT ettm1_C3_b81552_i81551_o81551_lr0.0001 768 0.4116054124969207
CHECKPOINT ettm1_C3_b81552_i81551_o81551_lr0.0001 1024 0.41119070477915043
FIT_COMPLETE ettm1_C3_b81552_i81551_o81551_lr0.0001 selected 1024
CHECKPOINT ettm1_MAG_ONLY_b81552_i81551_o81551_lr0.0001 0 0.41165661949197785
CHECKPOINT ettm1_MAG_ONLY_b81552_i81551_o81551_lr0.0001 256 0.4137079980750705
CHECKPOINT ettm1_MAG_ONLY_b81552_i81551_o81551_lr0.0001 512 0.4134549146660179
CHECKPOINT ettm1_MAG_ONLY_b81552_i81551_o81551_lr0.0001 768 0.41178246780378974
CHECKPOINT ettm1_MAG_ONLY_b81552_i81551_o81551_lr0.0001 1024 0.41147193060434073
FIT_COMPLETE ettm1_MAG_ONLY_b81552_i81551_o81551_lr0.0001 selected 1024
CHECKPOINT ettm1_C3_b81552_i81551_o81552_lr0.0001 0 0.41165661949197785
CHECKPOINT ettm1_C3_b81552_i81551_o81552_lr0.0001 256 0.414050435122828
CHECKPOINT ettm1_C3_b81552_i81551_o81552_lr0.0001 512 0.41359810447238754
CHECKPOINT ettm1_C3_b81552_i81551_o81552_lr0.0001 768 0.4117281594696863
CHECKPOINT ettm1_C3_b81552_i81551_o81552_lr0.0001 1024 0.4111599199543085
FIT_COMPLETE ettm1_C3_b81552_i81551_o81552_lr0.0001 selected 1024
CHECKPOINT ettm1_MAG_ONLY_b81552_i81551_o81552_lr0.0001 0 0.41165661949197785
CHECKPOINT ettm1_MAG_ONLY_b81552_i81551_o81552_lr0.0001 256 0.4142681941129019
CHECKPOINT ettm1_MAG_ONLY_b81552_i81551_o81552_lr0.0001 512 0.4136041832629558
CHECKPOINT ettm1_MAG_ONLY_b81552_i81551_o81552_lr0.0001 768 0.41188768222437666
CHECKPOINT ettm1_MAG_ONLY_b81552_i81551_o81552_lr0.0001 1024 0.4114778448351748
FIT_COMPLETE ettm1_MAG_ONLY_b81552_i81551_o81552_lr0.0001 selected 1024
CHECKPOINT ettm1_C3_b81552_i81552_o81551_lr0.0001 0 0.41165661949197785
CHECKPOINT ettm1_C3_b81552_i81552_o81551_lr0.0001 256 0.4131707698956267
CHECKPOINT ettm1_C3_b81552_i81552_o81551_lr0.0001 512 0.41376901734576704
CHECKPOINT ettm1_C3_b81552_i81552_o81551_lr0.0001 768 0.4120396679043189
CHECKPOINT ettm1_C3_b81552_i81552_o81551_lr0.0001 1024 0.4116905470023193
FIT_COMPLETE ettm1_C3_b81552_i81552_o81551_lr0.0001 selected 0
CHECKPOINT ettm1_MAG_ONLY_b81552_i81552_o81551_lr0.0001 0 0.41165661949197785
CHECKPOINT ettm1_MAG_ONLY_b81552_i81552_o81551_lr0.0001 256 0.4133874563127371
CHECKPOINT ettm1_MAG_ONLY_b81552_i81552_o81551_lr0.0001 512 0.4139042109140167
CHECKPOINT ettm1_MAG_ONLY_b81552_i81552_o81551_lr0.0001 768 0.4122086716574308
CHECKPOINT ettm1_MAG_ONLY_b81552_i81552_o81551_lr0.0001 1024 0.41185284726050064
FIT_COMPLETE ettm1_MAG_ONLY_b81552_i81552_o81551_lr0.0001 selected 0
PREDICTION 1 electricity_C3_b81551_i81551_o81551_lr0.0003__fixed1024__electricity__standard
PREDICTION 2 electricity_C3_b81551_i81551_o81551_lr0.0003__fixed1024__electricity__shape
PREDICTION 3 electricity_C3_b81551_i81551_o81551_lr0.0003__fixed1024__electricity_transfer__standard
PREDICTION 4 electricity_C3_b81551_i81551_o81551_lr0.0003__fixed1024__electricity_transfer__shape
PREDICTION 5 electricity_C3_b81551_i81551_o81551_lr0.0003__selected__electricity__standard
PREDICTION 6 electricity_C3_b81551_i81551_o81551_lr0.0003__selected__electricity__shape
PREDICTION 7 electricity_C3_b81551_i81551_o81551_lr0.0003__selected__electricity_transfer__standard
PREDICTION 8 electricity_C3_b81551_i81551_o81551_lr0.0003__selected__electricity_transfer__shape
PREDICTION 9 electricity_MAG_ONLY_b81551_i81551_o81551_lr0.0003__fixed1024__electricity__standard
PREDICTION 10 electricity_MAG_ONLY_b81551_i81551_o81551_lr0.0003__fixed1024__electricity__shape
PREDICTION 11 electricity_MAG_ONLY_b81551_i81551_o81551_lr0.0003__fixed1024__electricity_transfer__standard
PREDICTION 12 electricity_MAG_ONLY_b81551_i81551_o81551_lr0.0003__fixed1024__electricity_transfer__shape
PREDICTION 13 electricity_MAG_ONLY_b81551_i81551_o81551_lr0.0003__selected__electricity__standard
PREDICTION 14 electricity_MAG_ONLY_b81551_i81551_o81551_lr0.0003__selected__electricity__shape
PREDICTION 15 electricity_MAG_ONLY_b81551_i81551_o81551_lr0.0003__selected__electricity_transfer__standard
PREDICTION 16 electricity_MAG_ONLY_b81551_i81551_o81551_lr0.0003__selected__electricity_transfer__shape
PREDICTION 17 electricity_C3_b81551_i81551_o81552_lr0.0003__fixed1024__electricity__standard
PREDICTION 18 electricity_C3_b81551_i81551_o81552_lr0.0003__fixed1024__electricity__shape
PREDICTION 19 electricity_C3_b81551_i81551_o81552_lr0.0003__fixed1024__electricity_transfer__standard
PREDICTION 20 electricity_C3_b81551_i81551_o81552_lr0.0003__fixed1024__electricity_transfer__shape
PREDICTION 21 electricity_C3_b81551_i81551_o81552_lr0.0003__selected__electricity__standard
PREDICTION 22 electricity_C3_b81551_i81551_o81552_lr0.0003__selected__electricity__shape
PREDICTION 23 electricity_C3_b81551_i81551_o81552_lr0.0003__selected__electricity_transfer__standard
PREDICTION 24 electricity_C3_b81551_i81551_o81552_lr0.0003__selected__electricity_transfer__shape
PREDICTION 25 electricity_MAG_ONLY_b81551_i81551_o81552_lr0.0003__fixed1024__electricity__standard
PREDICTION 26 electricity_MAG_ONLY_b81551_i81551_o81552_lr0.0003__fixed1024__electricity__shape
PREDICTION 27 electricity_MAG_ONLY_b81551_i81551_o81552_lr0.0003__fixed1024__electricity_transfer__standard
PREDICTION 28 electricity_MAG_ONLY_b81551_i81551_o81552_lr0.0003__fixed1024__electricity_transfer__shape
PREDICTION 29 electricity_MAG_ONLY_b81551_i81551_o81552_lr0.0003__selected__electricity__standard
PREDICTION 30 electricity_MAG_ONLY_b81551_i81551_o81552_lr0.0003__selected__electricity__shape
PREDICTION 31 electricity_MAG_ONLY_b81551_i81551_o81552_lr0.0003__selected__electricity_transfer__standard
PREDICTION 32 electricity_MAG_ONLY_b81551_i81551_o81552_lr0.0003__selected__electricity_transfer__shape
PREDICTION 33 electricity_C3_b81551_i81552_o81551_lr0.0003__fixed1024__electricity__standard
PREDICTION 34 electricity_C3_b81551_i81552_o81551_lr0.0003__fixed1024__electricity__shape
PREDICTION 35 electricity_C3_b81551_i81552_o81551_lr0.0003__fixed1024__electricity_transfer__standard
PREDICTION 36 electricity_C3_b81551_i81552_o81551_lr0.0003__fixed1024__electricity_transfer__shape
PREDICTION 37 electricity_C3_b81551_i81552_o81551_lr0.0003__selected__electricity__standard
PREDICTION 38 electricity_C3_b81551_i81552_o81551_lr0.0003__selected__electricity__shape
PREDICTION 39 electricity_C3_b81551_i81552_o81551_lr0.0003__selected__electricity_transfer__standard
PREDICTION 40 electricity_C3_b81551_i81552_o81551_lr0.0003__selected__electricity_transfer__shape
PREDICTION 41 electricity_MAG_ONLY_b81551_i81552_o81551_lr0.0003__fixed1024__electricity__standard
PREDICTION 42 electricity_MAG_ONLY_b81551_i81552_o81551_lr0.0003__fixed1024__electricity__shape
PREDICTION 43 electricity_MAG_ONLY_b81551_i81552_o81551_lr0.0003__fixed1024__electricity_transfer__standard
PREDICTION 44 electricity_MAG_ONLY_b81551_i81552_o81551_lr0.0003__fixed1024__electricity_transfer__shape
PREDICTION 45 electricity_MAG_ONLY_b81551_i81552_o81551_lr0.0003__selected__electricity__standard
PREDICTION 46 electricity_MAG_ONLY_b81551_i81552_o81551_lr0.0003__selected__electricity__shape
PREDICTION 47 electricity_MAG_ONLY_b81551_i81552_o81551_lr0.0003__selected__electricity_transfer__standard
PREDICTION 48 electricity_MAG_ONLY_b81551_i81552_o81551_lr0.0003__selected__electricity_transfer__shape
PREDICTION 49 electricity_C3_b81551_i81552_o81552_lr0.0003__fixed1024__electricity__standard
PREDICTION 50 electricity_C3_b81551_i81552_o81552_lr0.0003__fixed1024__electricity__shape
PREDICTION 51 electricity_C3_b81551_i81552_o81552_lr0.0003__fixed1024__electricity_transfer__standard
PREDICTION 52 electricity_C3_b81551_i81552_o81552_lr0.0003__fixed1024__electricity_transfer__shape
PREDICTION 53 electricity_C3_b81551_i81552_o81552_lr0.0003__selected__electricity__standard
PREDICTION 54 electricity_C3_b81551_i81552_o81552_lr0.0003__selected__electricity__shape
PREDICTION 55 electricity_C3_b81551_i81552_o81552_lr0.0003__selected__electricity_transfer__standard
PREDICTION 56 electricity_C3_b81551_i81552_o81552_lr0.0003__selected__electricity_transfer__shape
PREDICTION 57 electricity_MAG_ONLY_b81551_i81552_o81552_lr0.0003__fixed1024__electricity__standard
PREDICTION 58 electricity_MAG_ONLY_b81551_i81552_o81552_lr0.0003__fixed1024__electricity__shape
PREDICTION 59 electricity_MAG_ONLY_b81551_i81552_o81552_lr0.0003__fixed1024__electricity_transfer__standard
PREDICTION 60 electricity_MAG_ONLY_b81551_i81552_o81552_lr0.0003__fixed1024__electricity_transfer__shape
PREDICTION 61 electricity_MAG_ONLY_b81551_i81552_o81552_lr0.0003__selected__electricity__standard
PREDICTION 62 electricity_MAG_ONLY_b81551_i81552_o81552_lr0.0003__selected__electricity__shape
PREDICTION 63 electricity_MAG_ONLY_b81551_i81552_o81552_lr0.0003__selected__electricity_transfer__standard
PREDICTION 64 electricity_MAG_ONLY_b81551_i81552_o81552_lr0.0003__selected__electricity_transfer__shape
PREDICTION 65 electricity_C3_b81552_i81551_o81551_lr0.0003__fixed1024__electricity__standard
PREDICTION 66 electricity_C3_b81552_i81551_o81551_lr0.0003__fixed1024__electricity__shape
PREDICTION 67 electricity_C3_b81552_i81551_o81551_lr0.0003__fixed1024__electricity_transfer__standard
PREDICTION 68 electricity_C3_b81552_i81551_o81551_lr0.0003__fixed1024__electricity_transfer__shape
PREDICTION 69 electricity_C3_b81552_i81551_o81551_lr0.0003__selected__electricity__standard
PREDICTION 70 electricity_C3_b81552_i81551_o81551_lr0.0003__selected__electricity__shape
PREDICTION 71 electricity_C3_b81552_i81551_o81551_lr0.0003__selected__electricity_transfer__standard
PREDICTION 72 electricity_C3_b81552_i81551_o81551_lr0.0003__selected__electricity_transfer__shape
PREDICTION 73 electricity_MAG_ONLY_b81552_i81551_o81551_lr0.0003__fixed1024__electricity__standard
PREDICTION 74 electricity_MAG_ONLY_b81552_i81551_o81551_lr0.0003__fixed1024__electricity__shape
PREDICTION 75 electricity_MAG_ONLY_b81552_i81551_o81551_lr0.0003__fixed1024__electricity_transfer__standard
PREDICTION 76 electricity_MAG_ONLY_b81552_i81551_o81551_lr0.0003__fixed1024__electricity_transfer__shape
PREDICTION 77 electricity_MAG_ONLY_b81552_i81551_o81551_lr0.0003__selected__electricity__standard
PREDICTION 78 electricity_MAG_ONLY_b81552_i81551_o81551_lr0.0003__selected__electricity__shape
PREDICTION 79 electricity_MAG_ONLY_b81552_i81551_o81551_lr0.0003__selected__electricity_transfer__standard
PREDICTION 80 electricity_MAG_ONLY_b81552_i81551_o81551_lr0.0003__selected__electricity_transfer__shape
PREDICTION 81 electricity_C3_b81552_i81551_o81552_lr0.0003__fixed1024__electricity__standard
PREDICTION 82 electricity_C3_b81552_i81551_o81552_lr0.0003__fixed1024__electricity__shape
PREDICTION 83 electricity_C3_b81552_i81551_o81552_lr0.0003__fixed1024__electricity_transfer__standard
PREDICTION 84 electricity_C3_b81552_i81551_o81552_lr0.0003__fixed1024__electricity_transfer__shape
PREDICTION 85 electricity_C3_b81552_i81551_o81552_lr0.0003__selected__electricity__standard
PREDICTION 86 electricity_C3_b81552_i81551_o81552_lr0.0003__selected__electricity__shape
PREDICTION 87 electricity_C3_b81552_i81551_o81552_lr0.0003__selected__electricity_transfer__standard
PREDICTION 88 electricity_C3_b81552_i81551_o81552_lr0.0003__selected__electricity_transfer__shape
PREDICTION 89 electricity_MAG_ONLY_b81552_i81551_o81552_lr0.0003__fixed1024__electricity__standard
PREDICTION 90 electricity_MAG_ONLY_b81552_i81551_o81552_lr0.0003__fixed1024__electricity__shape
PREDICTION 91 electricity_MAG_ONLY_b81552_i81551_o81552_lr0.0003__fixed1024__electricity_transfer__standard
PREDICTION 92 electricity_MAG_ONLY_b81552_i81551_o81552_lr0.0003__fixed1024__electricity_transfer__shape
PREDICTION 93 electricity_MAG_ONLY_b81552_i81551_o81552_lr0.0003__selected__electricity__standard
PREDICTION 94 electricity_MAG_ONLY_b81552_i81551_o81552_lr0.0003__selected__electricity__shape
PREDICTION 95 electricity_MAG_ONLY_b81552_i81551_o81552_lr0.0003__selected__electricity_transfer__standard
PREDICTION 96 electricity_MAG_ONLY_b81552_i81551_o81552_lr0.0003__selected__electricity_transfer__shape
PREDICTION 97 electricity_C3_b81552_i81552_o81551_lr0.0003__fixed1024__electricity__standard
PREDICTION 98 electricity_C3_b81552_i81552_o81551_lr0.0003__fixed1024__electricity__shape
PREDICTION 99 electricity_C3_b81552_i81552_o81551_lr0.0003__fixed1024__electricity_transfer__standard
PREDICTION 100 electricity_C3_b81552_i81552_o81551_lr0.0003__fixed1024__electricity_transfer__shape
PREDICTION 101 electricity_C3_b81552_i81552_o81551_lr0.0003__selected__electricity__standard
PREDICTION 102 electricity_C3_b81552_i81552_o81551_lr0.0003__selected__electricity__shape
PREDICTION 103 electricity_C3_b81552_i81552_o81551_lr0.0003__selected__electricity_transfer__standard
PREDICTION 104 electricity_C3_b81552_i81552_o81551_lr0.0003__selected__electricity_transfer__shape
PREDICTION 105 electricity_MAG_ONLY_b81552_i81552_o81551_lr0.0003__fixed1024__electricity__standard
PREDICTION 106 electricity_MAG_ONLY_b81552_i81552_o81551_lr0.0003__fixed1024__electricity__shape
PREDICTION 107 electricity_MAG_ONLY_b81552_i81552_o81551_lr0.0003__fixed1024__electricity_transfer__standard
PREDICTION 108 electricity_MAG_ONLY_b81552_i81552_o81551_lr0.0003__fixed1024__electricity_transfer__shape
PREDICTION 109 electricity_MAG_ONLY_b81552_i81552_o81551_lr0.0003__selected__electricity__standard
PREDICTION 110 electricity_MAG_ONLY_b81552_i81552_o81551_lr0.0003__selected__electricity__shape
PREDICTION 111 electricity_MAG_ONLY_b81552_i81552_o81551_lr0.0003__selected__electricity_transfer__standard
PREDICTION 112 electricity_MAG_ONLY_b81552_i81552_o81551_lr0.0003__selected__electricity_transfer__shape
PREDICTION 113 electricity_C3_b81552_i81552_o81552_lr0.0003__fixed1024__electricity__standard
PREDICTION 114 electricity_C3_b81552_i81552_o81552_lr0.0003__fixed1024__electricity__shape
PREDICTION 115 electricity_C3_b81552_i81552_o81552_lr0.0003__fixed1024__electricity_transfer__standard
PREDICTION 116 electricity_C3_b81552_i81552_o81552_lr0.0003__fixed1024__electricity_transfer__shape
PREDICTION 117 electricity_C3_b81552_i81552_o81552_lr0.0003__selected__electricity__standard
PREDICTION 118 electricity_C3_b81552_i81552_o81552_lr0.0003__selected__electricity__shape
PREDICTION 119 electricity_C3_b81552_i81552_o81552_lr0.0003__selected__electricity_transfer__standard
PREDICTION 120 electricity_C3_b81552_i81552_o81552_lr0.0003__selected__electricity_transfer__shape
PREDICTION 121 electricity_MAG_ONLY_b81552_i81552_o81552_lr0.0003__fixed1024__electricity__standard
PREDICTION 122 electricity_MAG_ONLY_b81552_i81552_o81552_lr0.0003__fixed1024__electricity__shape
PREDICTION 123 electricity_MAG_ONLY_b81552_i81552_o81552_lr0.0003__fixed1024__electricity_transfer__standard
PREDICTION 124 electricity_MAG_ONLY_b81552_i81552_o81552_lr0.0003__fixed1024__electricity_transfer__shape
PREDICTION 125 electricity_MAG_ONLY_b81552_i81552_o81552_lr0.0003__selected__electricity__standard
PREDICTION 126 electricity_MAG_ONLY_b81552_i81552_o81552_lr0.0003__selected__electricity__shape
PREDICTION 127 electricity_MAG_ONLY_b81552_i81552_o81552_lr0.0003__selected__electricity_transfer__standard
PREDICTION 128 electricity_MAG_ONLY_b81552_i81552_o81552_lr0.0003__selected__electricity_transfer__shape
PREDICTION 129 ettm1_C3_b81551_i81551_o81551_lr0.0001__fixed1024__ettm1__standard
PREDICTION 130 ettm1_C3_b81551_i81551_o81551_lr0.0001__fixed1024__ettm1__shape
PREDICTION 131 ettm1_C3_b81551_i81551_o81551_lr0.0001__selected__ettm1__standard
PREDICTION 132 ettm1_C3_b81551_i81551_o81551_lr0.0001__selected__ettm1__shape
PREDICTION 133 ettm1_MAG_ONLY_b81551_i81551_o81551_lr0.0001__fixed1024__ettm1__standard
PREDICTION 134 ettm1_MAG_ONLY_b81551_i81551_o81551_lr0.0001__fixed1024__ettm1__shape
PREDICTION 135 ettm1_MAG_ONLY_b81551_i81551_o81551_lr0.0001__selected__ettm1__standard
PREDICTION 136 ettm1_MAG_ONLY_b81551_i81551_o81551_lr0.0001__selected__ettm1__shape
PREDICTION 137 ettm1_C3_b81551_i81551_o81552_lr0.0001__fixed1024__ettm1__standard
PREDICTION 138 ettm1_C3_b81551_i81551_o81552_lr0.0001__fixed1024__ettm1__shape
PREDICTION 139 ettm1_C3_b81551_i81551_o81552_lr0.0001__selected__ettm1__standard
PREDICTION 140 ettm1_C3_b81551_i81551_o81552_lr0.0001__selected__ettm1__shape
PREDICTION 141 ettm1_MAG_ONLY_b81551_i81551_o81552_lr0.0001__fixed1024__ettm1__standard
PREDICTION 142 ettm1_MAG_ONLY_b81551_i81551_o81552_lr0.0001__fixed1024__ettm1__shape
PREDICTION 143 ettm1_MAG_ONLY_b81551_i81551_o81552_lr0.0001__selected__ettm1__standard
PREDICTION 144 ettm1_MAG_ONLY_b81551_i81551_o81552_lr0.0001__selected__ettm1__shape
PREDICTION 145 ettm1_C3_b81551_i81552_o81551_lr0.0001__fixed1024__ettm1__standard
PREDICTION 146 ettm1_C3_b81551_i81552_o81551_lr0.0001__fixed1024__ettm1__shape
PREDICTION 147 ettm1_C3_b81551_i81552_o81551_lr0.0001__selected__ettm1__standard
PREDICTION 148 ettm1_C3_b81551_i81552_o81551_lr0.0001__selected__ettm1__shape
PREDICTION 149 ettm1_MAG_ONLY_b81551_i81552_o81551_lr0.0001__fixed1024__ettm1__standard
PREDICTION 150 ettm1_MAG_ONLY_b81551_i81552_o81551_lr0.0001__fixed1024__ettm1__shape
PREDICTION 151 ettm1_MAG_ONLY_b81551_i81552_o81551_lr0.0001__selected__ettm1__standard
PREDICTION 152 ettm1_MAG_ONLY_b81551_i81552_o81551_lr0.0001__selected__ettm1__shape
PREDICTION 153 ettm1_C3_b81551_i81552_o81552_lr0.0001__fixed1024__ettm1__standard
PREDICTION 154 ettm1_C3_b81551_i81552_o81552_lr0.0001__fixed1024__ettm1__shape
PREDICTION 155 ettm1_C3_b81551_i81552_o81552_lr0.0001__selected__ettm1__standard
PREDICTION 156 ettm1_C3_b81551_i81552_o81552_lr0.0001__selected__ettm1__shape
PREDICTION 157 ettm1_MAG_ONLY_b81551_i81552_o81552_lr0.0001__fixed1024__ettm1__standard
PREDICTION 158 ettm1_MAG_ONLY_b81551_i81552_o81552_lr0.0001__fixed1024__ettm1__shape
PREDICTION 159 ettm1_MAG_ONLY_b81551_i81552_o81552_lr0.0001__selected__ettm1__standard
PREDICTION 160 ettm1_MAG_ONLY_b81551_i81552_o81552_lr0.0001__selected__ettm1__shape
PREDICTION 161 ettm1_C3_b81552_i81551_o81551_lr0.0001__fixed1024__ettm1__standard
PREDICTION 162 ettm1_C3_b81552_i81551_o81551_lr0.0001__fixed1024__ettm1__shape
PREDICTION 163 ettm1_C3_b81552_i81551_o81551_lr0.0001__selected__ettm1__standard
PREDICTION 164 ettm1_C3_b81552_i81551_o81551_lr0.0001__selected__ettm1__shape
PREDICTION 165 ettm1_MAG_ONLY_b81552_i81551_o81551_lr0.0001__fixed1024__ettm1__standard
PREDICTION 166 ettm1_MAG_ONLY_b81552_i81551_o81551_lr0.0001__fixed1024__ettm1__shape
PREDICTION 167 ettm1_MAG_ONLY_b81552_i81551_o81551_lr0.0001__selected__ettm1__standard
PREDICTION 168 ettm1_MAG_ONLY_b81552_i81551_o81551_lr0.0001__selected__ettm1__shape
PREDICTION 169 ettm1_C3_b81552_i81551_o81552_lr0.0001__fixed1024__ettm1__standard
PREDICTION 170 ettm1_C3_b81552_i81551_o81552_lr0.0001__fixed1024__ettm1__shape
PREDICTION 171 ettm1_C3_b81552_i81551_o81552_lr0.0001__selected__ettm1__standard
PREDICTION 172 ettm1_C3_b81552_i81551_o81552_lr0.0001__selected__ettm1__shape
PREDICTION 173 ettm1_MAG_ONLY_b81552_i81551_o81552_lr0.0001__fixed1024__ettm1__standard
PREDICTION 174 ettm1_MAG_ONLY_b81552_i81551_o81552_lr0.0001__fixed1024__ettm1__shape
PREDICTION 175 ettm1_MAG_ONLY_b81552_i81551_o81552_lr0.0001__selected__ettm1__standard
PREDICTION 176 ettm1_MAG_ONLY_b81552_i81551_o81552_lr0.0001__selected__ettm1__shape
PREDICTION 177 ettm1_C3_b81552_i81552_o81551_lr0.0001__fixed1024__ettm1__standard
PREDICTION 178 ettm1_C3_b81552_i81552_o81551_lr0.0001__fixed1024__ettm1__shape
PREDICTION 179 ettm1_C3_b81552_i81552_o81551_lr0.0001__selected__ettm1__standard
PREDICTION 180 ettm1_C3_b81552_i81552_o81551_lr0.0001__selected__ettm1__shape
PREDICTION 181 ettm1_MAG_ONLY_b81552_i81552_o81551_lr0.0001__fixed1024__ettm1__standard
PREDICTION 182 ettm1_MAG_ONLY_b81552_i81552_o81551_lr0.0001__fixed1024__ettm1__shape
PREDICTION 183 ettm1_MAG_ONLY_b81552_i81552_o81551_lr0.0001__selected__ettm1__standard
PREDICTION 184 ettm1_MAG_ONLY_b81552_i81552_o81551_lr0.0001__selected__ettm1__shape
PREDICTION 185 ettm1_C3_b81552_i81552_o81552_lr0.0001__fixed1024__ettm1__standard
PREDICTION 186 ettm1_C3_b81552_i81552_o81552_lr0.0001__fixed1024__ettm1__shape
PREDICTION 187 ettm1_C3_b81552_i81552_o81552_lr0.0001__selected__ettm1__standard
PREDICTION 188 ettm1_C3_b81552_i81552_o81552_lr0.0001__selected__ettm1__shape
PREDICTION 189 ettm1_MAG_ONLY_b81552_i81552_o81552_lr0.0001__fixed1024__ettm1__standard
PREDICTION 190 ettm1_MAG_ONLY_b81552_i81552_o81552_lr0.0001__fixed1024__ettm1__shape
PREDICTION 191 ettm1_MAG_ONLY_b81552_i81552_o81552_lr0.0001__selected__ettm1__standard
PREDICTION 192 ettm1_MAG_ONLY_b81552_i81552_o81552_lr0.0001__selected__ettm1__shape
SCORE_VERIFIED 840
