CPU_VERIFIED
`torch_dtype` is deprecated! Use `dtype` instead!
`torch_dtype` is deprecated! Use `dtype` instead!
INITIAL_GRADIENTS electricity {'autograd_calls': 262, 'diagnostic_forward_calls': 70, 'optimizer_updates': 0, 'new_fits': 0}
INITIAL_GRADIENTS ettm1 {'autograd_calls': 524, 'diagnostic_forward_calls': 140, 'optimizer_updates': 0, 'new_fits': 0}
FIRST_BATCH_DONE {'autograd_calls': 556, 'diagnostic_forward_calls': 172, 'optimizer_updates': 0, 'new_fits': 0}
/home/minjae/Documents/github/tsfm-peft-method-screen/experiments/c3_internal_mechanism_20260918/gradients.py:71: UserWarning: Converting a tensor with requires_grad=True to a scalar may lead to unexpected behavior.
Consider using tensor.detach() first. (Triggered internally at /pytorch/torch/csrc/autograd/generated/python_variable_methods.cpp:835.)
  watch.boundary();x,y,s=batch(a,row['arm'],selection['epoch'],np.array(selection['indices']));p=forward(m,x,s);loss=loss_2pinball(p,y,s,m.base.quantiles);params=parameters(m);g=grad(loss,tuple(params.values()));gs.append(flat(g).detach().cpu().numpy().astype(float));losses.append(float(loss))
TRAJECTORY electricity_C3_b81551_i81551_o81551_lr0.0003 576
TRAJECTORY electricity_MAG_ONLY_b81551_i81551_o81551_lr0.0003 596
TRAJECTORY electricity_C3_b81551_i81551_o81552_lr0.0003 616
TRAJECTORY electricity_MAG_ONLY_b81551_i81551_o81552_lr0.0003 636
TRAJECTORY electricity_C3_b81551_i81552_o81551_lr0.0003 656
TRAJECTORY electricity_MAG_ONLY_b81551_i81552_o81551_lr0.0003 676
TRAJECTORY electricity_C3_b81551_i81552_o81552_lr0.0003 696
TRAJECTORY electricity_MAG_ONLY_b81551_i81552_o81552_lr0.0003 716
TRAJECTORY electricity_C3_b81552_i81551_o81551_lr0.0003 736
TRAJECTORY electricity_MAG_ONLY_b81552_i81551_o81551_lr0.0003 756
TRAJECTORY electricity_C3_b81552_i81551_o81552_lr0.0003 776
TRAJECTORY electricity_MAG_ONLY_b81552_i81551_o81552_lr0.0003 796
TRAJECTORY electricity_C3_b81552_i81552_o81551_lr0.0003 816
TRAJECTORY electricity_MAG_ONLY_b81552_i81552_o81551_lr0.0003 836
TRAJECTORY electricity_C3_b81552_i81552_o81552_lr0.0003 856
TRAJECTORY electricity_MAG_ONLY_b81552_i81552_o81552_lr0.0003 876
TRAJECTORY ettm1_C3_b81551_i81551_o81551_lr0.0001 896
TRAJECTORY ettm1_MAG_ONLY_b81551_i81551_o81551_lr0.0001 916
TRAJECTORY ettm1_C3_b81551_i81551_o81552_lr0.0001 936
TRAJECTORY ettm1_MAG_ONLY_b81551_i81551_o81552_lr0.0001 956
TRAJECTORY ettm1_C3_b81551_i81552_o81551_lr0.0001 976
TRAJECTORY ettm1_MAG_ONLY_b81551_i81552_o81551_lr0.0001 996
TRAJECTORY ettm1_C3_b81551_i81552_o81552_lr0.0001 1016
TRAJECTORY ettm1_MAG_ONLY_b81551_i81552_o81552_lr0.0001 1036
TRAJECTORY ettm1_C3_b81552_i81551_o81551_lr0.0001 1056
TRAJECTORY ettm1_MAG_ONLY_b81552_i81551_o81551_lr0.0001 1076
TRAJECTORY ettm1_C3_b81552_i81551_o81552_lr0.0001 1096
TRAJECTORY ettm1_MAG_ONLY_b81552_i81551_o81552_lr0.0001 1116
TRAJECTORY ettm1_C3_b81552_i81552_o81551_lr0.0001 1136
TRAJECTORY ettm1_MAG_ONLY_b81552_i81552_o81551_lr0.0001 1156
TRAJECTORY ettm1_C3_b81552_i81552_o81552_lr0.0001 1176
TRAJECTORY ettm1_MAG_ONLY_b81552_i81552_o81552_lr0.0001 1196
MOMENTS 32 available
PREDICTION 97 swapped__electricity_C3_b81551_i81551_o81551_lr0.0003__r81552__electricity__standard
PREDICTION 98 swapped__electricity_C3_b81551_i81551_o81551_lr0.0003__r81552__electricity__shape
PREDICTION 99 swapped__electricity_C3_b81551_i81551_o81551_lr0.0003__r81552__electricity_transfer__standard
PREDICTION 100 swapped__electricity_C3_b81551_i81551_o81551_lr0.0003__r81552__electricity_transfer__shape
PREDICTION 101 swapped__electricity_MAG_ONLY_b81551_i81551_o81551_lr0.0003__r81552__electricity__standard
PREDICTION 102 swapped__electricity_MAG_ONLY_b81551_i81551_o81551_lr0.0003__r81552__electricity__shape
PREDICTION 103 swapped__electricity_MAG_ONLY_b81551_i81551_o81551_lr0.0003__r81552__electricity_transfer__standard
PREDICTION 104 swapped__electricity_MAG_ONLY_b81551_i81551_o81551_lr0.0003__r81552__electricity_transfer__shape
PREDICTION 105 swapped__electricity_C3_b81551_i81551_o81552_lr0.0003__r81552__electricity__standard
PREDICTION 106 swapped__electricity_C3_b81551_i81551_o81552_lr0.0003__r81552__electricity__shape
PREDICTION 107 swapped__electricity_C3_b81551_i81551_o81552_lr0.0003__r81552__electricity_transfer__standard
PREDICTION 108 swapped__electricity_C3_b81551_i81551_o81552_lr0.0003__r81552__electricity_transfer__shape
PREDICTION 109 swapped__electricity_MAG_ONLY_b81551_i81551_o81552_lr0.0003__r81552__electricity__standard
PREDICTION 110 swapped__electricity_MAG_ONLY_b81551_i81551_o81552_lr0.0003__r81552__electricity__shape
PREDICTION 111 swapped__electricity_MAG_ONLY_b81551_i81551_o81552_lr0.0003__r81552__electricity_transfer__standard
PREDICTION 112 swapped__electricity_MAG_ONLY_b81551_i81551_o81552_lr0.0003__r81552__electricity_transfer__shape
PREDICTION 113 swapped__electricity_C3_b81551_i81552_o81551_lr0.0003__r81552__electricity__standard
PREDICTION 114 swapped__electricity_C3_b81551_i81552_o81551_lr0.0003__r81552__electricity__shape
PREDICTION 115 swapped__electricity_C3_b81551_i81552_o81551_lr0.0003__r81552__electricity_transfer__standard
PREDICTION 116 swapped__electricity_C3_b81551_i81552_o81551_lr0.0003__r81552__electricity_transfer__shape
PREDICTION 117 swapped__electricity_MAG_ONLY_b81551_i81552_o81551_lr0.0003__r81552__electricity__standard
PREDICTION 118 swapped__electricity_MAG_ONLY_b81551_i81552_o81551_lr0.0003__r81552__electricity__shape
PREDICTION 119 swapped__electricity_MAG_ONLY_b81551_i81552_o81551_lr0.0003__r81552__electricity_transfer__standard
PREDICTION 120 swapped__electricity_MAG_ONLY_b81551_i81552_o81551_lr0.0003__r81552__electricity_transfer__shape
PREDICTION 121 swapped__electricity_C3_b81551_i81552_o81552_lr0.0003__r81552__electricity__standard
PREDICTION 122 swapped__electricity_C3_b81551_i81552_o81552_lr0.0003__r81552__electricity__shape
PREDICTION 123 swapped__electricity_C3_b81551_i81552_o81552_lr0.0003__r81552__electricity_transfer__standard
PREDICTION 124 swapped__electricity_C3_b81551_i81552_o81552_lr0.0003__r81552__electricity_transfer__shape
PREDICTION 125 swapped__electricity_MAG_ONLY_b81551_i81552_o81552_lr0.0003__r81552__electricity__standard
PREDICTION 126 swapped__electricity_MAG_ONLY_b81551_i81552_o81552_lr0.0003__r81552__electricity__shape
PREDICTION 127 swapped__electricity_MAG_ONLY_b81551_i81552_o81552_lr0.0003__r81552__electricity_transfer__standard
PREDICTION 128 swapped__electricity_MAG_ONLY_b81551_i81552_o81552_lr0.0003__r81552__electricity_transfer__shape
PREDICTION 129 swapped__electricity_C3_b81552_i81551_o81551_lr0.0003__r81551__electricity__standard
PREDICTION 130 swapped__electricity_C3_b81552_i81551_o81551_lr0.0003__r81551__electricity__shape
PREDICTION 131 swapped__electricity_C3_b81552_i81551_o81551_lr0.0003__r81551__electricity_transfer__standard
PREDICTION 132 swapped__electricity_C3_b81552_i81551_o81551_lr0.0003__r81551__electricity_transfer__shape
PREDICTION 133 swapped__electricity_MAG_ONLY_b81552_i81551_o81551_lr0.0003__r81551__electricity__standard
PREDICTION 134 swapped__electricity_MAG_ONLY_b81552_i81551_o81551_lr0.0003__r81551__electricity__shape
PREDICTION 135 swapped__electricity_MAG_ONLY_b81552_i81551_o81551_lr0.0003__r81551__electricity_transfer__standard
PREDICTION 136 swapped__electricity_MAG_ONLY_b81552_i81551_o81551_lr0.0003__r81551__electricity_transfer__shape
PREDICTION 137 swapped__electricity_C3_b81552_i81551_o81552_lr0.0003__r81551__electricity__standard
PREDICTION 138 swapped__electricity_C3_b81552_i81551_o81552_lr0.0003__r81551__electricity__shape
PREDICTION 139 swapped__electricity_C3_b81552_i81551_o81552_lr0.0003__r81551__electricity_transfer__standard
PREDICTION 140 swapped__electricity_C3_b81552_i81551_o81552_lr0.0003__r81551__electricity_transfer__shape
PREDICTION 141 swapped__electricity_MAG_ONLY_b81552_i81551_o81552_lr0.0003__r81551__electricity__standard
PREDICTION 142 swapped__electricity_MAG_ONLY_b81552_i81551_o81552_lr0.0003__r81551__electricity__shape
PREDICTION 143 swapped__electricity_MAG_ONLY_b81552_i81551_o81552_lr0.0003__r81551__electricity_transfer__standard
PREDICTION 144 swapped__electricity_MAG_ONLY_b81552_i81551_o81552_lr0.0003__r81551__electricity_transfer__shape
PREDICTION 145 swapped__electricity_C3_b81552_i81552_o81551_lr0.0003__r81551__electricity__standard
PREDICTION 146 swapped__electricity_C3_b81552_i81552_o81551_lr0.0003__r81551__electricity__shape
PREDICTION 147 swapped__electricity_C3_b81552_i81552_o81551_lr0.0003__r81551__electricity_transfer__standard
PREDICTION 148 swapped__electricity_C3_b81552_i81552_o81551_lr0.0003__r81551__electricity_transfer__shape
PREDICTION 149 swapped__electricity_MAG_ONLY_b81552_i81552_o81551_lr0.0003__r81551__electricity__standard
PREDICTION 150 swapped__electricity_MAG_ONLY_b81552_i81552_o81551_lr0.0003__r81551__electricity__shape
PREDICTION 151 swapped__electricity_MAG_ONLY_b81552_i81552_o81551_lr0.0003__r81551__electricity_transfer__standard
PREDICTION 152 swapped__electricity_MAG_ONLY_b81552_i81552_o81551_lr0.0003__r81551__electricity_transfer__shape
PREDICTION 153 swapped__electricity_C3_b81552_i81552_o81552_lr0.0003__r81551__electricity__standard
PREDICTION 154 swapped__electricity_C3_b81552_i81552_o81552_lr0.0003__r81551__electricity__shape
PREDICTION 155 swapped__electricity_C3_b81552_i81552_o81552_lr0.0003__r81551__electricity_transfer__standard
PREDICTION 156 swapped__electricity_C3_b81552_i81552_o81552_lr0.0003__r81551__electricity_transfer__shape
PREDICTION 157 swapped__electricity_MAG_ONLY_b81552_i81552_o81552_lr0.0003__r81551__electricity__standard
PREDICTION 158 swapped__electricity_MAG_ONLY_b81552_i81552_o81552_lr0.0003__r81551__electricity__shape
PREDICTION 159 swapped__electricity_MAG_ONLY_b81552_i81552_o81552_lr0.0003__r81551__electricity_transfer__standard
PREDICTION 160 swapped__electricity_MAG_ONLY_b81552_i81552_o81552_lr0.0003__r81551__electricity_transfer__shape
PREDICTION 161 swapped__ettm1_C3_b81551_i81551_o81551_lr0.0001__r81552__ettm1__standard
PREDICTION 162 swapped__ettm1_C3_b81551_i81551_o81551_lr0.0001__r81552__ettm1__shape
PREDICTION 163 swapped__ettm1_MAG_ONLY_b81551_i81551_o81551_lr0.0001__r81552__ettm1__standard
PREDICTION 164 swapped__ettm1_MAG_ONLY_b81551_i81551_o81551_lr0.0001__r81552__ettm1__shape
PREDICTION 165 swapped__ettm1_C3_b81551_i81551_o81552_lr0.0001__r81552__ettm1__standard
PREDICTION 166 swapped__ettm1_C3_b81551_i81551_o81552_lr0.0001__r81552__ettm1__shape
PREDICTION 167 swapped__ettm1_MAG_ONLY_b81551_i81551_o81552_lr0.0001__r81552__ettm1__standard
PREDICTION 168 swapped__ettm1_MAG_ONLY_b81551_i81551_o81552_lr0.0001__r81552__ettm1__shape
PREDICTION 169 swapped__ettm1_C3_b81551_i81552_o81551_lr0.0001__r81552__ettm1__standard
PREDICTION 170 swapped__ettm1_C3_b81551_i81552_o81551_lr0.0001__r81552__ettm1__shape
PREDICTION 171 swapped__ettm1_MAG_ONLY_b81551_i81552_o81551_lr0.0001__r81552__ettm1__standard
PREDICTION 172 swapped__ettm1_MAG_ONLY_b81551_i81552_o81551_lr0.0001__r81552__ettm1__shape
PREDICTION 173 swapped__ettm1_C3_b81551_i81552_o81552_lr0.0001__r81552__ettm1__standard
PREDICTION 174 swapped__ettm1_C3_b81551_i81552_o81552_lr0.0001__r81552__ettm1__shape
PREDICTION 175 swapped__ettm1_MAG_ONLY_b81551_i81552_o81552_lr0.0001__r81552__ettm1__standard
PREDICTION 176 swapped__ettm1_MAG_ONLY_b81551_i81552_o81552_lr0.0001__r81552__ettm1__shape
PREDICTION 177 swapped__ettm1_C3_b81552_i81551_o81551_lr0.0001__r81551__ettm1__standard
PREDICTION 178 swapped__ettm1_C3_b81552_i81551_o81551_lr0.0001__r81551__ettm1__shape
PREDICTION 179 swapped__ettm1_MAG_ONLY_b81552_i81551_o81551_lr0.0001__r81551__ettm1__standard
PREDICTION 180 swapped__ettm1_MAG_ONLY_b81552_i81551_o81551_lr0.0001__r81551__ettm1__shape
PREDICTION 181 swapped__ettm1_C3_b81552_i81551_o81552_lr0.0001__r81551__ettm1__standard
PREDICTION 182 swapped__ettm1_C3_b81552_i81551_o81552_lr0.0001__r81551__ettm1__shape
PREDICTION 183 swapped__ettm1_MAG_ONLY_b81552_i81551_o81552_lr0.0001__r81551__ettm1__standard
PREDICTION 184 swapped__ettm1_MAG_ONLY_b81552_i81551_o81552_lr0.0001__r81551__ettm1__shape
PREDICTION 185 swapped__ettm1_C3_b81552_i81552_o81551_lr0.0001__r81551__ettm1__standard
PREDICTION 186 swapped__ettm1_C3_b81552_i81552_o81551_lr0.0001__r81551__ettm1__shape
PREDICTION 187 swapped__ettm1_MAG_ONLY_b81552_i81552_o81551_lr0.0001__r81551__ettm1__standard
PREDICTION 188 swapped__ettm1_MAG_ONLY_b81552_i81552_o81551_lr0.0001__r81551__ettm1__shape
PREDICTION 189 swapped__ettm1_C3_b81552_i81552_o81552_lr0.0001__r81551__ettm1__standard
PREDICTION 190 swapped__ettm1_C3_b81552_i81552_o81552_lr0.0001__r81551__ettm1__shape
PREDICTION 191 swapped__ettm1_MAG_ONLY_b81552_i81552_o81552_lr0.0001__r81551__ettm1__standard
PREDICTION 192 swapped__ettm1_MAG_ONLY_b81552_i81552_o81552_lr0.0001__r81551__ettm1__shape
SCORE_VERIFIED
